Archive member included to satisfy reference by file (symbol)

/Applications/STM32CubeIDE.app/Contents/Eclipse/plugins/com.st.stm32cube.ide.mcu.externaltools.gnu-tools-for-stm32.14.3.rel1.macos64_1.0.100.202602081740/tools/bin/../lib/gcc/arm-none-eabi/14.3.1/../../../../arm-none-eabi/lib/thumb/v7e-m+fp/hard/libc_nano.a(libc_a-exit.o)
                              /Applications/STM32CubeIDE.app/Contents/Eclipse/plugins/com.st.stm32cube.ide.mcu.externaltools.gnu-tools-for-stm32.14.3.rel1.macos64_1.0.100.202602081740/tools/bin/../lib/gcc/arm-none-eabi/14.3.1/../../../../arm-none-eabi/lib/thumb/v7e-m+fp/hard/crt0.o (exit)
/Applications/STM32CubeIDE.app/Contents/Eclipse/plugins/com.st.stm32cube.ide.mcu.externaltools.gnu-tools-for-stm32.14.3.rel1.macos64_1.0.100.202602081740/tools/bin/../lib/gcc/arm-none-eabi/14.3.1/../../../../arm-none-eabi/lib/thumb/v7e-m+fp/hard/libc_nano.a(libc_a-findfp.o)
                              /Applications/STM32CubeIDE.app/Contents/Eclipse/plugins/com.st.stm32cube.ide.mcu.externaltools.gnu-tools-for-stm32.14.3.rel1.macos64_1.0.100.202602081740/tools/bin/../lib/gcc/arm-none-eabi/14.3.1/../../../../arm-none-eabi/lib/thumb/v7e-m+fp/hard/libc_nano.a(libc_a-exit.o) (__stdio_exit_handler)
/Applications/STM32CubeIDE.app/Contents/Eclipse/plugins/com.st.stm32cube.ide.mcu.externaltools.gnu-tools-for-stm32.14.3.rel1.macos64_1.0.100.202602081740/tools/bin/../lib/gcc/arm-none-eabi/14.3.1/../../../../arm-none-eabi/lib/thumb/v7e-m+fp/hard/libc_nano.a(libc_a-fwalk.o)
                              /Applications/STM32CubeIDE.app/Contents/Eclipse/plugins/com.st.stm32cube.ide.mcu.externaltools.gnu-tools-for-stm32.14.3.rel1.macos64_1.0.100.202602081740/tools/bin/../lib/gcc/arm-none-eabi/14.3.1/../../../../arm-none-eabi/lib/thumb/v7e-m+fp/hard/libc_nano.a(libc_a-findfp.o) (_fwalk_sglue)
/Applications/STM32CubeIDE.app/Contents/Eclipse/plugins/com.st.stm32cube.ide.mcu.externaltools.gnu-tools-for-stm32.14.3.rel1.macos64_1.0.100.202602081740/tools/bin/../lib/gcc/arm-none-eabi/14.3.1/../../../../arm-none-eabi/lib/thumb/v7e-m+fp/hard/libc_nano.a(libc_a-memset.o)
                              /Applications/STM32CubeIDE.app/Contents/Eclipse/plugins/com.st.stm32cube.ide.mcu.externaltools.gnu-tools-for-stm32.14.3.rel1.macos64_1.0.100.202602081740/tools/bin/../lib/gcc/arm-none-eabi/14.3.1/../../../../arm-none-eabi/lib/thumb/v7e-m+fp/hard/crt0.o (memset)
/Applications/STM32CubeIDE.app/Contents/Eclipse/plugins/com.st.stm32cube.ide.mcu.externaltools.gnu-tools-for-stm32.14.3.rel1.macos64_1.0.100.202602081740/tools/bin/../lib/gcc/arm-none-eabi/14.3.1/../../../../arm-none-eabi/lib/thumb/v7e-m+fp/hard/libc_nano.a(libc_a-init.o)
                              /Applications/STM32CubeIDE.app/Contents/Eclipse/plugins/com.st.stm32cube.ide.mcu.externaltools.gnu-tools-for-stm32.14.3.rel1.macos64_1.0.100.202602081740/tools/bin/../lib/gcc/arm-none-eabi/14.3.1/../../../../arm-none-eabi/lib/thumb/v7e-m+fp/hard/crt0.o (__libc_init_array)
/Applications/STM32CubeIDE.app/Contents/Eclipse/plugins/com.st.stm32cube.ide.mcu.externaltools.gnu-tools-for-stm32.14.3.rel1.macos64_1.0.100.202602081740/tools/bin/../lib/gcc/arm-none-eabi/14.3.1/../../../../arm-none-eabi/lib/thumb/v7e-m+fp/hard/libc_nano.a(libc_a-lock.o)
                              /Applications/STM32CubeIDE.app/Contents/Eclipse/plugins/com.st.stm32cube.ide.mcu.externaltools.gnu-tools-for-stm32.14.3.rel1.macos64_1.0.100.202602081740/tools/bin/../lib/gcc/arm-none-eabi/14.3.1/../../../../arm-none-eabi/lib/thumb/v7e-m+fp/hard/libc_nano.a(libc_a-findfp.o) (__retarget_lock_init_recursive)
/Applications/STM32CubeIDE.app/Contents/Eclipse/plugins/com.st.stm32cube.ide.mcu.externaltools.gnu-tools-for-stm32.14.3.rel1.macos64_1.0.100.202602081740/tools/bin/../lib/gcc/arm-none-eabi/14.3.1/../../../../arm-none-eabi/lib/thumb/v7e-m+fp/hard/libc_nano.a(libc_a-impure.o)
                              /Applications/STM32CubeIDE.app/Contents/Eclipse/plugins/com.st.stm32cube.ide.mcu.externaltools.gnu-tools-for-stm32.14.3.rel1.macos64_1.0.100.202602081740/tools/bin/../lib/gcc/arm-none-eabi/14.3.1/../../../../arm-none-eabi/lib/thumb/v7e-m+fp/hard/libc_nano.a(libc_a-findfp.o) (_impure_data)
/Applications/STM32CubeIDE.app/Contents/Eclipse/plugins/com.st.stm32cube.ide.mcu.externaltools.gnu-tools-for-stm32.14.3.rel1.macos64_1.0.100.202602081740/tools/bin/../lib/gcc/arm-none-eabi/14.3.1/../../../../arm-none-eabi/lib/thumb/v7e-m+fp/hard/libc_nano.a(libc_a-mallocr.o)
                              /Applications/STM32CubeIDE.app/Contents/Eclipse/plugins/com.st.stm32cube.ide.mcu.externaltools.gnu-tools-for-stm32.14.3.rel1.macos64_1.0.100.202602081740/tools/bin/../lib/gcc/arm-none-eabi/14.3.1/../../../../arm-none-eabi/lib/thumb/v7e-m+fp/hard/libc_nano.a(libc_a-findfp.o) (_malloc_r)
[...]
Memory Configuration

Name             Origin             Length             Attributes
CCMRAM           0x10000000         0x00002000         xrw
RAM              0x20000000         0x0000a000         xrw
FLASH            0x08000000         0x00040000         xr
*default*        0x00000000         0xffffffff

Linker script and memory map

LOAD /Applications/STM32CubeIDE.app/Contents/Eclipse/plugins/com.st.stm32cube.ide.mcu.externaltools.gnu-tools-for-stm32.14.3.rel1.macos64_1.0.100.202602081740/tools/bin/../lib/gcc/arm-none-eabi/14.3.1/thumb/v7e-m+fp/hard/crti.o
LOAD /Applications/STM32CubeIDE.app/Contents/Eclipse/plugins/com.st.stm32cube.ide.mcu.externaltools.gnu-tools-for-stm32.14.3.rel1.macos64_1.0.100.202602081740/tools/bin/../lib/gcc/arm-none-eabi/14.3.1/thumb/v7e-m+fp/hard/crtbegin.o
LOAD /Applications/STM32CubeIDE.app/Contents/Eclipse/plugins/com.st.stm32cube.ide.mcu.externaltools.gnu-tools-for-stm32.14.3.rel1.macos64_1.0.100.202602081740/tools/bin/../lib/gcc/arm-none-eabi/14.3.1/../../../../arm-none-eabi/lib/thumb/v7e-m+fp/hard/crt0.o
LOAD ./Src/button.o
LOAD ./Src/gpio.o
LOAD ./Src/led.o
LOAD ./Src/main.o
LOAD ./Startup/startup_stm32f303vctx.o
START GROUP
LOAD /Applications/STM32CubeIDE.app/Contents/Eclipse/plugins/com.st.stm32cube.ide.mcu.externaltools.gnu-tools-for-stm32.14.3.rel1.macos64_1.0.100.202602081740/tools/bin/../lib/gcc/arm-none-eabi/14.3.1/../../../../arm-none-eabi/lib/thumb/v7e-m+fp/hard/libc_nano.a
LOAD /Applications/STM32CubeIDE.app/Contents/Eclipse/plugins/com.st.stm32cube.ide.mcu.externaltools.gnu-tools-for-stm32.14.3.rel1.macos64_1.0.100.202602081740/tools/bin/../lib/gcc/arm-none-eabi/14.3.1/../../../../arm-none-eabi/lib/thumb/v7e-m+fp/hard/libm.a
END GROUP
START GROUP
LOAD /Applications/STM32CubeIDE.app/Contents/Eclipse/plugins/com.st.stm32cube.ide.mcu.externaltools.gnu-tools-for-stm32.14.3.rel1.macos64_1.0.100.202602081740/tools/bin/../lib/gcc/arm-none-eabi/14.3.1/thumb/v7e-m+fp/hard/libgcc.a
LOAD /Applications/STM32CubeIDE.app/Contents/Eclipse/plugins/com.st.stm32cube.ide.mcu.externaltools.gnu-tools-for-stm32.14.3.rel1.macos64_1.0.100.202602081740/tools/bin/../lib/gcc/arm-none-eabi/14.3.1/../../../../arm-none-eabi/lib/thumb/v7e-m+fp/hard/libc_nano.a
END GROUP
START GROUP
LOAD /Applications/STM32CubeIDE.app/Contents/Eclipse/plugins/com.st.stm32cube.ide.mcu.externaltools.gnu-tools-for-stm32.14.3.rel1.macos64_1.0.100.202602081740/tools/bin/../lib/gcc/arm-none-eabi/14.3.1/thumb/v7e-m+fp/hard/libgcc.a
LOAD /Applications/STM32CubeIDE.app/Contents/Eclipse/plugins/com.st.stm32cube.ide.mcu.externaltools.gnu-tools-for-stm32.14.3.rel1.macos64_1.0.100.202602081740/tools/bin/../lib/gcc/arm-none-eabi/14.3.1/../../../../arm-none-eabi/lib/thumb/v7e-m+fp/hard/libc_nano.a
LOAD /Applications/STM32CubeIDE.app/Contents/Eclipse/plugins/com.st.stm32cube.ide.mcu.externaltools.gnu-tools-for-stm32.14.3.rel1.macos64_1.0.100.202602081740/tools/bin/../lib/gcc/arm-none-eabi/14.3.1/../../../../arm-none-eabi/lib/thumb/v7e-m+fp/hard/libnosys.a
END GROUP
START GROUP
LOAD /Applications/STM32CubeIDE.app/Contents/Eclipse/plugins/com.st.stm32cube.ide.mcu.externaltools.gnu-tools-for-stm32.14.3.rel1.macos64_1.0.100.202602081740/tools/bin/../lib/gcc/arm-none-eabi/14.3.1/thumb/v7e-m+fp/hard/libgcc.a
LOAD /Applications/STM32CubeIDE.app/Contents/Eclipse/plugins/com.st.stm32cube.ide.mcu.externaltools.gnu-tools-for-stm32.14.3.rel1.macos64_1.0.100.202602081740/tools/bin/../lib/gcc/arm-none-eabi/14.3.1/../../../../arm-none-eabi/lib/thumb/v7e-m+fp/hard/libc_nano.a
LOAD /Applications/STM32CubeIDE.app/Contents/Eclipse/plugins/com.st.stm32cube.ide.mcu.externaltools.gnu-tools-for-stm32.14.3.rel1.macos64_1.0.100.202602081740/tools/bin/../lib/gcc/arm-none-eabi/14.3.1/../../../../arm-none-eabi/lib/thumb/v7e-m+fp/hard/libnosys.a
END GROUP
LOAD /Applications/STM32CubeIDE.app/Contents/Eclipse/plugins/com.st.stm32cube.ide.mcu.externaltools.gnu-tools-for-stm32.14.3.rel1.macos64_1.0.100.202602081740/tools/bin/../lib/gcc/arm-none-eabi/14.3.1/thumb/v7e-m+fp/hard/crtend.o
LOAD /Applications/STM32CubeIDE.app/Contents/Eclipse/plugins/com.st.stm32cube.ide.mcu.externaltools.gnu-tools-for-stm32.14.3.rel1.macos64_1.0.100.202602081740/tools/bin/../lib/gcc/arm-none-eabi/14.3.1/thumb/v7e-m+fp/hard/crtn.o
                0x2000a000                        _estack = (ORIGIN (RAM) + LENGTH (RAM))
                0x00000200                        _Min_Heap_Size = 0x200
                0x00000400                        _Min_Stack_Size = 0x400

.isr_vector     0x08000000      0x194
                0x08000000                        . = ALIGN (0x4)
 *(.isr_vector)
 .isr_vector    0x08000000      0x194 ./Startup/startup_stm32f303vctx.o
                0x08000000                g_pfnVectors
                0x08000194                        . = ALIGN (0x4)

.text           0x08000194      0x314
                0x08000194                        . = ALIGN (0x4)
 *(.text)
 .text          0x08000194       0x40 /Applications/STM32CubeIDE.app/Contents/Eclipse/plugins/com.st.stm32cube.ide.mcu.externaltools.gnu-tools-for-stm32.14.3.rel1.macos64_1.0.100.202602081740/tools/bin/../lib/gcc/arm-none-eabi/14.3.1/thumb/v7e-m+fp/hard/crtbegin.o
 *(.text*)
 .text.button_is_pressed
                0x080001d4        0xe ./Src/button.o
                0x080001d4                button_is_pressed
 *fill*         0x080001e2        0x2 
 .text.button_init
                0x080001e4       0x28 ./Src/button.o
                0x080001e4                button_init
 .text.button_update
                0x0800020c       0x30 ./Src/button.o
                0x0800020c                button_update
 .text.gpio_enable_port_clock
                0x0800023c       0x88 ./Src/gpio.o
                0x0800023c                gpio_enable_port_clock
 .text.gpio_init_pin
                0x080002c4       0x4c ./Src/gpio.o
                0x080002c4                gpio_init_pin
 .text.gpio_write_pin
                0x08000310       0x1c ./Src/gpio.o
                0x08000310                gpio_write_pin
 .text.gpio_read_pin
                0x0800032c        0xa ./Src/gpio.o
                0x0800032c                gpio_read_pin
 *fill*         0x08000336        0x2 
 .text.led_init_all
                0x08000338       0x44 ./Src/led.o
                0x08000338                led_init_all
 .text.led_set  0x0800037c       0x28 ./Src/led.o
                0x0800037c                led_set
 .text.led_set_all
                0x080003a4       0x1c ./Src/led.o
                0x080003a4                led_set_all
 .text.button_pressed_handler
                0x080003c0       0x18 ./Src/main.o
 .text.main     0x080003d8       0x1c ./Src/main.o
                0x080003d8                main
 .text.Reset_Handler
                0x080003f4       0x50 ./Startup/startup_stm32f303vctx.o
                0x080003f4                Reset_Handler
 .text.Default_Handler
                0x08000444        0x2 ./Startup/startup_stm32f303vctx.o
                0x08000444                TIM1_BRK_TIM15_IRQHandler
                0x08000444                TIM8_CC_IRQHandler
                0x08000444                DebugMon_Handler
                0x08000444                DMA1_CH4_IRQHandler
                0x08000444                SPI4_IRQHandler
                0x08000444                TIM1_CC_IRQHandler
                0x08000444                HardFault_Handler
                0x08000444                USB_HP_IRQHandler
                0x08000444                I2C2_EV_EXTI24_IRQHandler
                0x08000444                SysTick_Handler
                0x08000444                USB_WKUP_EXTI_IRQHandler
                0x08000444                PVD_IRQHandler
                0x08000444                UART4_EXTI34_IRQHandler
                0x08000444                TAMP_STAMP_IRQHandler
                0x08000444                PendSV_Handler
                0x08000444                NMI_Handler
                0x08000444                EXTI3_IRQHandler
                0x08000444                I2C3_ER_IRQHandler
                0x08000444                TIM6_DACUNDER_IRQHandler
                0x08000444                USB_HP_CAN_TX_IRQHandler
                0x08000444                EXTI0_IRQHandler
                0x08000444                DMA2_CH1_IRQHandler
                0x08000444                FPU_IRQHandler
                0x08000444                TIM1_UP_TIM16_IRQHandler
                0x08000444                UsageFault_Handler
                0x08000444                ADC1_2_IRQHandler
                0x08000444                SPI1_IRQHandler
                0x08000444                CAN_SCE_IRQHandler
                0x08000444                DMA1_CH7_IRQHandler
                0x08000444                TIM8_UP_IRQHandler
                0x08000444                COMP456_IRQHandler
                0x08000444                DMA1_CH6_IRQHandler
                0x08000444                TIM20_TRG_COM_IRQHandler
                0x08000444                ADC3_IRQHandler
                0x08000444                TIM4_IRQHandler
                0x08000444                CAN_RX1_IRQHandler
                0x08000444                USART1_EXTI25_IRQHandler
                0x08000444                DMA2_CH5_IRQHandler
                0x08000444                I2C1_EV_EXTI23_IRQHandler
                0x08000444                DMA1_CH3_IRQHandler
                0x08000444                TIM3_IRQHandler
                0x08000444                RCC_IRQHandler
                0x08000444                TIM20_UP_IRQHandler
                0x08000444                Default_Handler
                0x08000444                EXTI15_10_IRQHandler
                0x08000444                USART2_EXTI26_IRQHandler
                0x08000444                USART3_EXTI28_IRQHandler
                0x08000444                TIM7_IRQHandler
                0x08000444                I2C3_EV_IRQHandler
                0x08000444                EXTI9_5_IRQHandler
                0x08000444                DMA1_CH2_IRQHandler
                0x08000444                RTC_WKUP_IRQHandler
                0x08000444                SPI2_IRQHandler
                0x08000444                DMA1_CH1_IRQHandler
                0x08000444                USB_LP_CAN_RX0_IRQHandler
                0x08000444                MemManage_Handler
                0x08000444                COMP123_IRQHandler
                0x08000444                SVC_Handler
                0x08000444                USB_LP_IRQHandler
                0x08000444                EXTI4_IRQHandler
                0x08000444                TIM1_TRG_COM_TIM17_IRQHandler
                0x08000444                ADC4_IRQHandler
                0x08000444                WWDG_IRQHandler
                0x08000444                TIM2_IRQHandler
                0x08000444                COMP7_IRQHandler
                0x08000444                EXTI1_IRQHandler
                0x08000444                RTCAlarm_IRQHandler
                0x08000444                UART5_EXTI35_IRQHandler
                0x08000444                TIM20_BRK_IRQHandler
                0x08000444                I2C2_ER_IRQHandler
                0x08000444                TIM8_BRK_IRQHandler
                0x08000444                FLASH_IRQHandler
                0x08000444                TIM20_CC_IRQHandler
                0x08000444                BusFault_Handler
                0x08000444                SPI3_IRQHandler
                0x08000444                DMA2_CH3_IRQHandler
                0x08000444                DMA2_CH2_IRQHandler
                0x08000444                I2C1_ER_IRQHandler
                0x08000444                FMC_IRQHandler
                0x08000444                DMA1_CH5_IRQHandler
                0x08000444                DMA2_CH4_IRQHandler
                0x08000444                USB_WKUP_IRQHandler
                0x08000444                EXTI2_TSC_IRQHandler
                0x08000444                TIM8_TRG_COM_IRQHandler
 *fill*         0x08000446        0x2 
 .text.__libc_init_array
                0x08000448       0x48 /Applications/STM32CubeIDE.app/Contents/Eclipse/plugins/com.st.stm32cube.ide.mcu.externaltools.gnu-tools-for-stm32.14.3.rel1.macos64_1.0.100.202602081740/tools/bin/../lib/gcc/arm-none-eabi/14.3.1/../../../../arm-none-eabi/lib/thumb/v7e-m+fp/hard/libc_nano.a(libc_a-init.o)
                0x08000448                __libc_init_array
 *(.glue_7)
 .glue_7        0x08000490        0x0 linker stubs
 *(.glue_7t)
 .glue_7t       0x08000490        0x0 linker stubs
 *(.eh_frame)
 .eh_frame      0x08000490        0x0 /Applications/STM32CubeIDE.app/Contents/Eclipse/plugins/com.st.stm32cube.ide.mcu.externaltools.gnu-tools-for-stm32.14.3.rel1.macos64_1.0.100.202602081740/tools/bin/../lib/gcc/arm-none-eabi/14.3.1/thumb/v7e-m+fp/hard/crtbegin.o
 *(.init)
 .init          0x08000490        0x4 /Applications/STM32CubeIDE.app/Contents/Eclipse/plugins/com.st.stm32cube.ide.mcu.externaltools.gnu-tools-for-stm32.14.3.rel1.macos64_1.0.100.202602081740/tools/bin/../lib/gcc/arm-none-eabi/14.3.1/thumb/v7e-m+fp/hard/crti.o
                0x08000490                _init
 .init          0x08000494        0x8 /Applications/STM32CubeIDE.app/Contents/Eclipse/plugins/com.st.stm32cube.ide.mcu.externaltools.gnu-tools-for-stm32.14.3.rel1.macos64_1.0.100.202602081740/tools/bin/../lib/gcc/arm-none-eabi/14.3.1/thumb/v7e-m+fp/hard/crtn.o
 *(.fini)
 .fini          0x0800049c        0x4 /Applications/STM32CubeIDE.app/Contents/Eclipse/plugins/com.st.stm32cube.ide.mcu.externaltools.gnu-tools-for-stm32.14.3.rel1.macos64_1.0.100.202602081740/tools/bin/../lib/gcc/arm-none-eabi/14.3.1/thumb/v7e-m+fp/hard/crti.o
                0x0800049c                _fini
 .fini          0x080004a0        0x8 /Applications/STM32CubeIDE.app/Contents/Eclipse/plugins/com.st.stm32cube.ide.mcu.externaltools.gnu-tools-for-stm32.14.3.rel1.macos64_1.0.100.202602081740/tools/bin/../lib/gcc/arm-none-eabi/14.3.1/thumb/v7e-m+fp/hard/crtn.o
                0x080004a8                        . = ALIGN (0x4)
                0x080004a8                        _etext = .

.vfp11_veneer   0x080004a8        0x0
 .vfp11_veneer  0x080004a8        0x0 linker stubs

.v4_bx          0x080004a8        0x0
 .v4_bx         0x080004a8        0x0 linker stubs

.iplt           0x080004a8        0x0
 .iplt          0x080004a8        0x0 /Applications/STM32CubeIDE.app/Contents/Eclipse/plugins/com.st.stm32cube.ide.mcu.externaltools.gnu-tools-for-stm32.14.3.rel1.macos64_1.0.100.202602081740/tools/bin/../lib/gcc/arm-none-eabi/14.3.1/thumb/v7e-m+fp/hard/crtbegin.o

.rel.dyn        0x080004a8        0x0
 .rel.iplt      0x080004a8        0x0 /Applications/STM32CubeIDE.app/Contents/Eclipse/plugins/com.st.stm32cube.ide.mcu.externaltools.gnu-tools-for-stm32.14.3.rel1.macos64_1.0.100.202602081740/tools/bin/../lib/gcc/arm-none-eabi/14.3.1/thumb/v7e-m+fp/hard/crtbegin.o

.rodata         0x080004a8        0x0
                0x080004a8                        . = ALIGN (0x4)
 *(.rodata)
 *(.rodata*)
                0x080004a8                        . = ALIGN (0x4)

.ARM.extab      0x080004a8        0x0
                0x080004a8                        . = ALIGN (0x4)
 *(.ARM.extab* .gnu.linkonce.armextab.*)
                0x080004a8                        . = ALIGN (0x4)

.ARM            0x080004a8        0x0
                0x080004a8                        . = ALIGN (0x4)
                0x080004a8                        __exidx_start = .
 *(.ARM.exidx*)
                0x080004a8                        __exidx_end = .
                0x080004a8                        . = ALIGN (0x4)

.preinit_array  0x080004a8        0x0
                0x080004a8                        . = ALIGN (0x4)
                0x080004a8                        PROVIDE (__preinit_array_start = .)
 *(.preinit_array*)
                0x080004a8                        PROVIDE (__preinit_array_end = .)
                0x080004a8                        . = ALIGN (0x4)

.init_array     0x080004a8        0x4
                0x080004a8                        . = ALIGN (0x4)
                0x080004a8                        PROVIDE (__init_array_start = .)
 *(SORT_BY_NAME(.init_array.*))
 *(.init_array*)
 .init_array    0x080004a8        0x4 /Applications/STM32CubeIDE.app/Contents/Eclipse/plugins/com.st.stm32cube.ide.mcu.externaltools.gnu-tools-for-stm32.14.3.rel1.macos64_1.0.100.202602081740/tools/bin/../lib/gcc/arm-none-eabi/14.3.1/thumb/v7e-m+fp/hard/crtbegin.o
                0x080004ac                        PROVIDE (__init_array_end = .)
                0x080004ac                        . = ALIGN (0x4)

.fini_array     0x080004ac        0x4
                0x080004ac                        . = ALIGN (0x4)
                [!provide]                        PROVIDE (__fini_array_start = .)
 *(SORT_BY_NAME(.fini_array.*))
 *(.fini_array*)
 .fini_array    0x080004ac        0x4 /Applications/STM32CubeIDE.app/Contents/Eclipse/plugins/com.st.stm32cube.ide.mcu.externaltools.gnu-tools-for-stm32.14.3.rel1.macos64_1.0.100.202602081740/tools/bin/../lib/gcc/arm-none-eabi/14.3.1/thumb/v7e-m+fp/hard/crtbegin.o
                [!provide]                        PROVIDE (__fini_array_end = .)
                0x080004b0                        . = ALIGN (0x4)
                0x080004b0                        _sidata = LOADADDR (.data)

.data           0x20000000        0x4 load address 0x080004b0
                0x20000000                        . = ALIGN (0x4)
                0x20000000                        _sdata = .
 *(.data)
 *(.data*)
 .data.pattern.0
                0x20000000        0x1 ./Src/main.o
 *(.RamFunc)
 *(.RamFunc*)
                0x20000004                        . = ALIGN (0x4)
 *fill*         0x20000001        0x3 
                0x20000004                        _edata = .
                0x080004b4                        _siccmram = LOADADDR (.ccmram)

.igot.plt       0x20000004        0x0 load address 0x080004b4
 .igot.plt      0x20000004        0x0 /Applications/STM32CubeIDE.app/Contents/Eclipse/plugins/com.st.stm32cube.ide.mcu.externaltools.gnu-tools-for-stm32.14.3.rel1.macos64_1.0.100.202602081740/tools/bin/../lib/gcc/arm-none-eabi/14.3.1/thumb/v7e-m+fp/hard/crtbegin.o

.ccmram         0x10000000        0x0 load address 0x080004b4
                0x10000000                        . = ALIGN (0x4)
                0x10000000                        _sccmram = .
 *(.ccmram)
 *(.ccmram*)
                0x10000000                        . = ALIGN (0x4)
                0x10000000                        _eccmram = .
                0x10000000                        . = ALIGN (0x4)

.bss            0x20000004       0x2c
                0x20000004                        _sbss = .
                0x20000004                        __bss_start__ = _sbss
 *(.bss)
 .bss           0x20000004       0x1c /Applications/STM32CubeIDE.app/Contents/Eclipse/plugins/com.st.stm32cube.ide.mcu.externaltools.gnu-tools-for-stm32.14.3.rel1.macos64_1.0.100.202602081740/tools/bin/../lib/gcc/arm-none-eabi/14.3.1/thumb/v7e-m+fp/hard/crtbegin.o
 *(.bss*)
 .bss.previous_button_state
                0x20000020        0x1 ./Src/button.o
 *fill*         0x20000021        0x3 
 .bss.button_press_callback
                0x20000024        0x4 ./Src/button.o
 .bss.led_states
                0x20000028        0x8 ./Src/led.o
 *(COMMON)
                0x20000030                        . = ALIGN (0x4)
                0x20000030                        _ebss = .
                0x20000030                        __bss_end__ = _ebss

._user_heap_stack
                0x20000030      0x600
                0x20000030                        . = ALIGN (0x8)
                0x20000030                        PROVIDE (end = .)
                [!provide]                        PROVIDE (_end = .)
                0x20000230                        . = (. + _Min_Heap_Size)
 *fill*         0x20000030      0x200 
                0x20000630                        . = (. + _Min_Stack_Size)
 *fill*         0x20000230      0x400 
                0x20000630                        . = ALIGN (0x8)

/DISCARD/
 libc.a(*)
 libm.a(*)
 libgcc.a(*)

.ARM.attributes
                0x00000000       0x30
 *(.ARM.attributes)
 .ARM.attributes
                0x00000000       0x22 /Applications/STM32CubeIDE.app/Contents/Eclipse/plugins/com.st.stm32cube.ide.mcu.externaltools.gnu-tools-for-stm32.14.3.rel1.macos64_1.0.100.202602081740/tools/bin/../lib/gcc/arm-none-eabi/14.3.1/thumb/v7e-m+fp/hard/crti.o
 .ARM.attributes
                0x00000022       0x34 /Applications/STM32CubeIDE.app/Contents/Eclipse/plugins/com.st.stm32cube.ide.mcu.externaltools.gnu-tools-for-stm32.14.3.rel1.macos64_1.0.100.202602081740/tools/bin/../lib/gcc/arm-none-eabi/14.3.1/thumb/v7e-m+fp/hard/crtbegin.o
 .ARM.attributes
                0x00000056       0x34 ./Src/button.o
 .ARM.attributes
                0x0000008a       0x34 ./Src/gpio.o
 .ARM.attributes
                0x000000be       0x34 ./Src/led.o
 .ARM.attributes
                0x000000f2       0x34 ./Src/main.o
 .ARM.attributes
                0x00000126       0x21 ./Startup/startup_stm32f303vctx.o
 .ARM.attributes
                0x00000147       0x34 /Applications/STM32CubeIDE.app/Contents/Eclipse/plugins/com.st.stm32cube.ide.mcu.externaltools.gnu-tools-for-stm32.14.3.rel1.macos64_1.0.100.202602081740/tools/bin/../lib/gcc/arm-none-eabi/14.3.1/../../../../arm-none-eabi/lib/thumb/v7e-m+fp/hard/libc_nano.a(libc_a-init.o)
 .ARM.attributes
                0x0000017b       0x22 /Applications/STM32CubeIDE.app/Contents/Eclipse/plugins/com.st.stm32cube.ide.mcu.externaltools.gnu-tools-for-stm32.14.3.rel1.macos64_1.0.100.202602081740/tools/bin/../lib/gcc/arm-none-eabi/14.3.1/thumb/v7e-m+fp/hard/crtn.o
OUTPUT(W04-C-digital-io.elf elf32-littlearm)
LOAD linker stubs
LOAD /Applications/STM32CubeIDE.app/Contents/Eclipse/plugins/com.st.stm32cube.ide.mcu.externaltools.gnu-tools-for-stm32.14.3.rel1.macos64_1.0.100.202602081740/tools/bin/../lib/gcc/arm-none-eabi/14.3.1/../../../../arm-none-eabi/lib/thumb/v7e-m+fp/hard/libc.a
LOAD /Applications/STM32CubeIDE.app/Contents/Eclipse/plugins/com.st.stm32cube.ide.mcu.externaltools.gnu-tools-for-stm32.14.3.rel1.macos64_1.0.100.202602081740/tools/bin/../lib/gcc/arm-none-eabi/14.3.1/../../../../arm-none-eabi/lib/thumb/v7e-m+fp/hard/libm.a
LOAD /Applications/STM32CubeIDE.app/Contents/Eclipse/plugins/com.st.stm32cube.ide.mcu.externaltools.gnu-tools-for-stm32.14.3.rel1.macos64_1.0.100.202602081740/tools/bin/../lib/gcc/arm-none-eabi/14.3.1/thumb/v7e-m+fp/hard/libgcc.a

.debug_info     0x00000000      0xb86
 .debug_info    0x00000000      0x296 ./Src/button.o
 .debug_info    0x00000296      0x364 ./Src/gpio.o
 .debug_info    0x000005fa      0x40a ./Src/led.o
 .debug_info    0x00000a04      0x152 ./Src/main.o
 .debug_info    0x00000b56       0x30 ./Startup/startup_stm32f303vctx.o

.debug_abbrev   0x00000000      0x61a
 .debug_abbrev  0x00000000      0x1a9 ./Src/button.o
 .debug_abbrev  0x000001a9      0x186 ./Src/gpio.o
 .debug_abbrev  0x0000032f      0x1e9 ./Src/led.o
 .debug_abbrev  0x00000518       0xde ./Src/main.o
 .debug_abbrev  0x000005f6       0x24 ./Startup/startup_stm32f303vctx.o

.debug_loclists
                0x00000000      0x294
 .debug_loclists
                0x00000000       0x44 ./Src/button.o
 .debug_loclists
                0x00000044       0xe3 ./Src/gpio.o
 .debug_loclists
                0x00000127      0x16d ./Src/led.o

.debug_aranges  0x00000000      0x100
 .debug_aranges
                0x00000000       0x30 ./Src/button.o
 .debug_aranges
                0x00000030       0x40 ./Src/gpio.o
 .debug_aranges
                0x00000070       0x40 ./Src/led.o
 .debug_aranges
                0x000000b0       0x28 ./Src/main.o
 .debug_aranges
                0x000000d8       0x28 ./Startup/startup_stm32f303vctx.o

.debug_rnglists
                0x00000000       0xb4
 .debug_rnglists
                0x00000000       0x1f ./Src/button.o
 .debug_rnglists
                0x0000001f       0x2c ./Src/gpio.o
 .debug_rnglists
                0x0000004b       0x37 ./Src/led.o
 .debug_rnglists
                0x00000082       0x19 ./Src/main.o
 .debug_rnglists
                0x0000009b       0x19 ./Startup/startup_stm32f303vctx.o

.debug_macro    0x00000000    0x14f65
 .debug_macro   0x00000000       0xdf ./Src/button.o
 .debug_macro   0x000000df      0xae4 ./Src/button.o
 .debug_macro   0x00000bc3       0x22 ./Src/button.o
 .debug_macro   0x00000be5       0x8e ./Src/button.o
 .debug_macro   0x00000c73       0x51 ./Src/button.o
 .debug_macro   0x00000cc4      0x103 ./Src/button.o
 .debug_macro   0x00000dc7       0x6a ./Src/button.o
 .debug_macro   0x00000e31      0x1df ./Src/button.o
 .debug_macro   0x00001010       0x28 ./Src/button.o
 .debug_macro   0x00001038       0x1c ./Src/button.o
 .debug_macro   0x00001054       0x22 ./Src/button.o
 .debug_macro   0x00001076       0xd9 ./Src/button.o
 .debug_macro   0x0000114f     0x102d ./Src/button.o
 .debug_macro   0x0000217c      0x11f ./Src/button.o
 .debug_macro   0x0000229b    0x12a3a ./Src/button.o
 .debug_macro   0x00014cd5       0xc9 ./Src/gpio.o
 .debug_macro   0x00014d9e       0xe5 ./Src/led.o
 .debug_macro   0x00014e83       0xd2 ./Src/main.o
 .debug_macro   0x00014f55       0x10 ./Src/main.o

.debug_line     0x00000000     0x15e3
 .debug_line    0x00000000      0x50b ./Src/button.o
 .debug_line    0x0000050b      0x5dc ./Src/gpio.o
 .debug_line    0x00000ae7      0x5d0 ./Src/led.o
 .debug_line    0x000010b7      0x4b1 ./Src/main.o
 .debug_line    0x00001568       0x7b ./Startup/startup_stm32f303vctx.o

.debug_str      0x00000000    0x7244e
 .debug_str     0x00000000    0x7244e ./Src/button.o
                              0x7240c (size before relaxing)
 .debug_str     0x0007244e    0x723f8 ./Src/gpio.o
 .debug_str     0x0007244e    0x723f3 ./Src/led.o
 .debug_str     0x0007244e    0x72348 ./Src/main.o
 .debug_str     0x0007244e       0x86 ./Startup/startup_stm32f303vctx.o

.comment        0x00000000       0x43
 .comment       0x00000000       0x43 ./Src/button.o
                                 0x44 (size before relaxing)
 .comment       0x00000043       0x44 ./Src/gpio.o
 .comment       0x00000043       0x44 ./Src/led.o
 .comment       0x00000043       0x44 ./Src/main.o

.debug_frame    0x00000000      0x1c8
 .debug_frame   0x00000000       0x58 ./Src/button.o
 .debug_frame   0x00000058       0x70 ./Src/gpio.o
 .debug_frame   0x000000c8       0x94 ./Src/led.o
 .debug_frame   0x0000015c       0x40 ./Src/main.o
 .debug_frame   0x0000019c       0x2c /Applications/STM32CubeIDE.app/Contents/Eclipse/plugins/com.st.stm32cube.ide.mcu.externaltools.gnu-tools-for-stm32.14.3.rel1.macos64_1.0.100.202602081740/tools/bin/../lib/gcc/arm-none-eabi/14.3.1/../../../../arm-none-eabi/lib/thumb/v7e-m+fp/hard/libc_nano.a(libc_a-init.o)

.debug_line_str
                0x00000000       0x6a
 .debug_line_str
                0x00000000       0x6a ./Startup/startup_stm32f303vctx.o
