../Inc/core_cm4.h:1688:22:__NVIC_EnableIRQ	16	static
../Inc/core_cm4.h:1816:22:__NVIC_SetPriority	16	static
../Inc/core_cm4.h:2022:26:SysTick_Config	16	static
../Src/main.c:27:6:Begin_SysTick	8	static
../Src/main.c:35:6:SysTick_Handler	4	static
../Src/main.c:46:6:Config_M	8	static
../Src/main.c:57:6:Config_A	8	static
../Src/main.c:72:6:GPIOE_Config	4	static
../Src/main.c:85:6:GPIOB_Config	4	static
../Src/main.c:111:6:I2C1_Config	4	static
../Src/main.c:132:6:EXTI2_Config	8	static
../Src/main.c:149:6:EXTI0_Config	8	static
../Src/main.c:167:6:EXTI2_TSC_IRQHandler	4	static
../Src/main.c:178:6:EXTI0_IRQHandler	4	static
../Src/main.c:191:6:WriteToSensor	16	static
../Src/main.c:214:6:ReadSensorData	24	static
../Src/main.c:247:5:main	32	static,ignoring_inline_asm
